// Jest Snapshot v1, https://goo.gl/fbAQLP

exports[`EuiBottomBar is rendered 1`] = `
<div
  aria-label="aria-label"
  class="euiBottomBar euiBottomBar--paddingMedium testClass1 testClass2"
  data-test-subj="test subject string"
/>
`;
