// Jest Snapshot v1, https://goo.gl/fbAQLP

exports[`EuiFlexGrid is rendered 1`] = `
<div
  aria-label="aria-label"
  class="euiFlexGrid euiFlexGrid--gutterLarge euiFlexGrid--thirds testClass1 testClass2"
  data-test-subj="test subject string"
/>
`;
