// Jest Snapshot v1, https://goo.gl/fbAQLP

exports[`EuiContextMenuPanel is rendered 1`] = `
<div
  aria-label="aria-label"
  class="euiContextMenuPanel testClass1 testClass2"
  data-test-subj="test subject string"
/>
`;
