// Jest Snapshot v1, https://goo.gl/fbAQLP

exports[`EuiFieldPassword is rendered 1`] = `
<div
  class="euiFormControlLayout"
>
  <input
    aria-label="aria-label"
    class="euiFieldPassword testClass1 testClass2"
    data-test-subj="test subject string"
    type="password"
  />
  <svg
    class="euiIcon euiFormControlLayout__icon euiIcon--medium"
    height="16"
    viewBox="0 0 16 16"
    width="16"
    xlink="http://www.w3.org/1999/xlink"
    xmlns="http://www.w3.org/2000/svg"
  >
    <defs>
      <path
        d="M3 5a5 5 0 0 1 10 0h1a1 1 0 0 1 1 1v9a1 1 0 0 1-1 1H2a1 1 0 0 1-1-1V6a1 1 0 0 1 1-1h1zm6.33 6.493L10 13H6l.67-1.507a2 2 0 1 1 2.66 0zM2 15h12V6H2v9zM8 1C5.794 1 4 2.794 4 5h8c0-2.206-1.794-4-4-4z"
        id="lock-a"
      />
    </defs>
    <use
      fill-rule="evenodd"
      href="#lock-a"
    />
  </svg>
</div>
`;
