// Jest Snapshot v1, https://goo.gl/fbAQLP

exports[`EuiCode is rendered 1`] = `
<code
  aria-label="aria-label"
  class="euiCode testClass1 testClass2"
  data-test-subj="test subject string"
/>
`;
