// Jest Snapshot v1, https://goo.gl/fbAQLP

exports[`EuiToast is rendered 1`] = `
<div
  aria-label="aria-label"
  class="euiToast testClass1 testClass2"
  data-test-subj="test subject string"
>
  <div
    class="euiToastHeader"
  >
    <span
      class="euiToastHeader__title"
    />
  </div>
</div>
`;
