// Jest Snapshot v1, https://goo.gl/fbAQLP

exports[`EuiRange is rendered 1`] = `
<input
  aria-label="aria-label"
  class="euiRange testClass1 testClass2"
  data-test-subj="test subject string"
  max="100"
  min="1"
  type="range"
/>
`;
