// Jest Snapshot v1, https://goo.gl/fbAQLP

exports[`EuiDescriptionList is rendered 1`] = `
<dl
  aria-label="aria-label"
  class="euiDescriptionList euiDescriptionList--row testClass1 testClass2"
  data-test-subj="test subject string"
/>
`;
